Copyright 1986-2022 Xilinx, Inc. All Rights Reserved.
---------------------------------------------------------------------------------------------------------------------------------------------------------------------------------------------------------------------------------
| Tool Version : Vivado v.2022.1 (win64) Build 3526262 Mon Apr 18 15:48:16 MDT 2022
| Date         : Wed Sep 30 19:03:11 2026
| Host         : LAPTOP-A2HDTBM1 running 64-bit major release  (build 9200)
| Command      : report_timing_summary -max_paths 10 -report_unconstrained -file lab1_control_timing_summary_routed.rpt -pb lab1_control_timing_summary_routed.pb -rpx lab1_control_timing_summary_routed.rpx -warn_on_violation
| Design       : lab1_control
| Device       : 7a100t-csg324
| Speed File   : -1  PRODUCTION 1.23 2018-06-13
---------------------------------------------------------------------------------------------------------------------------------------------------------------------------------------------------------------------------------

Timing Summary Report

------------------------------------------------------------------------------------------------
| Timer Settings
| --------------
------------------------------------------------------------------------------------------------

  Enable Multi Corner Analysis               :  Yes
  Enable Pessimism Removal                   :  Yes
  Pessimism Removal Resolution               :  Nearest Common Node
  Enable Input Delay Default Clock           :  No
  Enable Preset / Clear Arcs                 :  No
  Disable Flight Delays                      :  No
  Ignore I/O Paths                           :  No
  Timing Early Launch at Borrowing Latches   :  No
  Borrow Time for Max Delay Exceptions       :  Yes
  Merge Timing Exceptions                    :  Yes

  Corner  Analyze    Analyze    
  Name    Max Paths  Min Paths  
  ------  ---------  ---------  
  Slow    Yes        Yes        
  Fast    Yes        Yes        


------------------------------------------------------------------------------------------------
| Report Methodology
| ------------------
------------------------------------------------------------------------------------------------

Rule       Severity          Description                  Violations  
---------  ----------------  ---------------------------  ----------  
TIMING-17  Critical Warning  Non-clocked sequential cell  5           

Note: This report is based on the most recent report_methodology run and may not be up-to-date. Run report_methodology on the current design for the latest report.



check_timing report

Table of Contents
-----------------
1. checking no_clock (5)
2. checking constant_clock (0)
3. checking pulse_width_clock (0)
4. checking unconstrained_internal_endpoints (5)
5. checking no_input_delay (3)
6. checking no_output_delay (5)
7. checking multiple_clock (0)
8. checking generated_clocks (0)
9. checking loops (0)
10. checking partial_input_delay (0)
11. checking partial_output_delay (0)
12. checking latch_loops (0)

1. checking no_clock (5)
------------------------
 There are 5 register/latch pins with no clock driven by root clock pin: i_clock (HIGH)


2. checking constant_clock (0)
------------------------------
 There are 0 register/latch pins with constant_clock.


3. checking pulse_width_clock (0)
---------------------------------
 There are 0 register/latch pins which need pulse_width check


4. checking unconstrained_internal_endpoints (5)
------------------------------------------------
 There are 5 pins that are not constrained for maximum delay. (HIGH)

 There are 0 pins that are not constrained for maximum delay due to constant clock.


5. checking no_input_delay (3)
------------------------------
 There are 3 input ports with no input delay specified. (HIGH)

 There are 0 input ports with no input delay but user has a false path constraint.


6. checking no_output_delay (5)
-------------------------------
 There are 5 ports with no output delay specified. (HIGH)

 There are 0 ports with no output delay but user has a false path constraint

 There are 0 ports with no output delay but with a timing clock defined on it or propagating through it


7. checking multiple_clock (0)
------------------------------
 There are 0 register/latch pins with multiple clocks.


8. checking generated_clocks (0)
--------------------------------
 There are 0 generated clocks that are not connected to a clock source.


9. checking loops (0)
---------------------
 There are 0 combinational loops in the design.


10. checking partial_input_delay (0)
------------------------------------
 There are 0 input ports with partial input delay specified.


11. checking partial_output_delay (0)
-------------------------------------
 There are 0 ports with partial output delay specified.


12. checking latch_loops (0)
----------------------------
 There are 0 combinational latch loops in the design through latch input



------------------------------------------------------------------------------------------------
| Design Timing Summary
| ---------------------
------------------------------------------------------------------------------------------------

    WNS(ns)      TNS(ns)  TNS Failing Endpoints  TNS Total Endpoints      WHS(ns)      THS(ns)  THS Failing Endpoints  THS Total Endpoints     WPWS(ns)     TPWS(ns)  TPWS Failing Endpoints  TPWS Total Endpoints  
    -------      -------  ---------------------  -------------------      -------      -------  ---------------------  -------------------     --------     --------  ----------------------  --------------------  
        inf        0.000                      0                   10          inf        0.000                      0                   10           NA           NA                      NA                    NA  


There are no user specified timing constraints.


------------------------------------------------------------------------------------------------
| Clock Summary
| -------------
------------------------------------------------------------------------------------------------


------------------------------------------------------------------------------------------------
| Intra Clock Table
| -----------------
------------------------------------------------------------------------------------------------

Clock             WNS(ns)      TNS(ns)  TNS Failing Endpoints  TNS Total Endpoints      WHS(ns)      THS(ns)  THS Failing Endpoints  THS Total Endpoints     WPWS(ns)     TPWS(ns)  TPWS Failing Endpoints  TPWS Total Endpoints  
-----             -------      -------  ---------------------  -------------------      -------      -------  ---------------------  -------------------     --------     --------  ----------------------  --------------------  


------------------------------------------------------------------------------------------------
| Inter Clock Table
| -----------------
------------------------------------------------------------------------------------------------

From Clock    To Clock          WNS(ns)      TNS(ns)  TNS Failing Endpoints  TNS Total Endpoints      WHS(ns)      THS(ns)  THS Failing Endpoints  THS Total Endpoints  
----------    --------          -------      -------  ---------------------  -------------------      -------      -------  ---------------------  -------------------  


------------------------------------------------------------------------------------------------
| Other Path Groups Table
| -----------------------
------------------------------------------------------------------------------------------------

Path Group    From Clock    To Clock          WNS(ns)      TNS(ns)  TNS Failing Endpoints  TNS Total Endpoints      WHS(ns)      THS(ns)  THS Failing Endpoints  THS Total Endpoints  
----------    ----------    --------          -------      -------  ---------------------  -------------------      -------      -------  ---------------------  -------------------  


------------------------------------------------------------------------------------------------
| User Ignored Path Table
| -----------------------
------------------------------------------------------------------------------------------------

Path Group    From Clock    To Clock    
----------    ----------    --------    


------------------------------------------------------------------------------------------------
| Unconstrained Path Table
| ------------------------
------------------------------------------------------------------------------------------------

Path Group    From Clock    To Clock    
----------    ----------    --------    
(none)                                    


------------------------------------------------------------------------------------------------
| Timing Details
| --------------
------------------------------------------------------------------------------------------------


--------------------------------------------------------------------------------------
Path Group:  (none)
From Clock:  
  To Clock:  

Max Delay            10 Endpoints
Min Delay            10 Endpoints
--------------------------------------------------------------------------------------


Max Delay Paths
--------------------------------------------------------------------------------------
Slack:                    inf
  Source:                 s3/int_q_reg/C
                            (rising edge-triggered cell FDRE)
  Destination:            o_shiftRMask
                            (output port)
  Path Group:             (none)
  Path Type:              Max at Slow Process Corner
  Data Path Delay:        6.004ns  (logic 3.217ns (53.570%)  route 2.788ns (46.430%))
  Logic Levels:           3  (FDRE=1 LUT3=1 OBUF=1)

    Location             Delay type                Incr(ns)  Path(ns)    Netlist Resource(s)
  -------------------------------------------------------------------    -------------------
    SLICE_X0Y101         FDRE                         0.000     0.000 r  s3/int_q_reg/C
    SLICE_X0Y101         FDRE (Prop_fdre_C_Q)         0.456     0.456 r  s3/int_q_reg/Q
                         net (fo=2, routed)           0.926     1.382    s1/s3out
    SLICE_X0Y101         LUT3 (Prop_lut3_I2_O)        0.124     1.506 r  s1/o_shiftRMask_OBUF_inst_i_1/O
                         net (fo=1, routed)           1.862     3.368    o_shiftRMask_OBUF
    G18                  OBUF (Prop_obuf_I_O)         2.637     6.004 r  o_shiftRMask_OBUF_inst/O
                         net (fo=0)                   0.000     6.004    o_shiftRMask
    G18                                                               r  o_shiftRMask (OUT)
  -------------------------------------------------------------------    -------------------

Slack:                    inf
  Source:                 s2/int_q_reg/C
                            (rising edge-triggered cell FDRE)
  Destination:            o_shiftLMask
                            (output port)
  Path Group:             (none)
  Path Type:              Max at Slow Process Corner
  Data Path Delay:        5.977ns  (logic 3.441ns (57.563%)  route 2.537ns (42.437%))
  Logic Levels:           3  (FDRE=1 LUT3=1 OBUF=1)

    Location             Delay type                Incr(ns)  Path(ns)    Netlist Resource(s)
  -------------------------------------------------------------------    -------------------
    SLICE_X0Y101         FDRE                         0.000     0.000 r  s2/int_q_reg/C
    SLICE_X0Y101         FDRE (Prop_fdre_C_Q)         0.456     0.456 r  s2/int_q_reg/Q
                         net (fo=2, routed)           0.669     1.125    s1/s2out
    SLICE_X0Y101         LUT3 (Prop_lut3_I2_O)        0.152     1.277 r  s1/o_shiftLMask_OBUF_inst_i_1/O
                         net (fo=1, routed)           1.868     3.145    o_shiftLMask_OBUF
    F18                  OBUF (Prop_obuf_I_O)         2.833     5.977 r  o_shiftLMask_OBUF_inst/O
                         net (fo=0)                   0.000     5.977    o_shiftLMask
    F18                                                               r  o_shiftLMask (OUT)
  -------------------------------------------------------------------    -------------------

Slack:                    inf
  Source:                 s0/int_q_reg/C
                            (rising edge-triggered cell FDRE)
  Destination:            o_loadDisplay
                            (output port)
  Path Group:             (none)
  Path Type:              Max at Slow Process Corner
  Data Path Delay:        5.910ns  (logic 3.208ns (54.286%)  route 2.702ns (45.714%))
  Logic Levels:           3  (FDRE=1 LUT5=1 OBUF=1)

    Location             Delay type                Incr(ns)  Path(ns)    Netlist Resource(s)
  -------------------------------------------------------------------    -------------------
    SLICE_X0Y101         FDRE                         0.000     0.000 r  s0/int_q_reg/C
    SLICE_X0Y101         FDRE (Prop_fdre_C_Q)         0.456     0.456 r  s0/int_q_reg/Q
                         net (fo=5, routed)           1.039     1.495    s2/o_loadRMask_OBUF
    SLICE_X0Y101         LUT5 (Prop_lut5_I1_O)        0.124     1.619 r  s2/o_loadDisplay_OBUF_inst_i_1/O
                         net (fo=1, routed)           1.663     3.282    o_loadDisplay_OBUF
    K15                  OBUF (Prop_obuf_I_O)         2.628     5.910 r  o_loadDisplay_OBUF_inst/O
                         net (fo=0)                   0.000     5.910    o_loadDisplay
    K15                                                               r  o_loadDisplay (OUT)
  -------------------------------------------------------------------    -------------------

Slack:                    inf
  Source:                 s0/int_q_reg/C
                            (rising edge-triggered cell FDRE)
  Destination:            o_loadRMask
                            (output port)
  Path Group:             (none)
  Path Type:              Max at Slow Process Corner
  Data Path Delay:        4.936ns  (logic 3.085ns (62.488%)  route 1.852ns (37.512%))
  Logic Levels:           2  (FDRE=1 OBUF=1)

    Location             Delay type                Incr(ns)  Path(ns)    Netlist Resource(s)
  -------------------------------------------------------------------    -------------------
    SLICE_X0Y101         FDRE                         0.000     0.000 r  s0/int_q_reg/C
    SLICE_X0Y101         FDRE (Prop_fdre_C_Q)         0.456     0.456 r  s0/int_q_reg/Q
                         net (fo=5, routed)           1.852     2.308    o_loadRMask_OBUF
    J17                  OBUF (Prop_obuf_I_O)         2.629     4.936 r  o_loadRMask_OBUF_inst/O
                         net (fo=0)                   0.000     4.936    o_loadRMask
    J17                                                               r  o_loadRMask (OUT)
  -------------------------------------------------------------------    -------------------

Slack:                    inf
  Source:                 s0/int_q_reg/C
                            (rising edge-triggered cell FDRE)
  Destination:            o_loadLMask
                            (output port)
  Path Group:             (none)
  Path Type:              Max at Slow Process Corner
  Data Path Delay:        4.795ns  (logic 3.085ns (64.327%)  route 1.711ns (35.673%))
  Logic Levels:           2  (FDRE=1 OBUF=1)

    Location             Delay type                Incr(ns)  Path(ns)    Netlist Resource(s)
  -------------------------------------------------------------------    -------------------
    SLICE_X0Y101         FDRE                         0.000     0.000 r  s0/int_q_reg/C
    SLICE_X0Y101         FDRE (Prop_fdre_C_Q)         0.456     0.456 r  s0/int_q_reg/Q
                         net (fo=5, routed)           1.711     2.167    o_loadRMask_OBUF
    J18                  OBUF (Prop_obuf_I_O)         2.629     4.795 r  o_loadLMask_OBUF_inst/O
                         net (fo=0)                   0.000     4.795    o_loadLMask
    J18                                                               r  o_loadLMask (OUT)
  -------------------------------------------------------------------    -------------------

Slack:                    inf
  Source:                 i_reset
                            (input port)
  Destination:            s2/int_q_reg/D
  Path Group:             (none)
  Path Type:              Max at Slow Process Corner
  Data Path Delay:        4.065ns  (logic 1.601ns (39.393%)  route 2.463ns (60.607%))
  Logic Levels:           2  (IBUF=1 LUT3=1)

    Location             Delay type                Incr(ns)  Path(ns)    Netlist Resource(s)
  -------------------------------------------------------------------    -------------------
    R15                                               0.000     0.000 f  i_reset (IN)
                         net (fo=0)                   0.000     0.000    i_reset
    R15                  IBUF (Prop_ibuf_I_O)         1.477     1.477 f  i_reset_IBUF_inst/O
                         net (fo=5, routed)           2.463     3.941    s2/i_reset_IBUF
    SLICE_X0Y101         LUT3 (Prop_lut3_I0_O)        0.124     4.065 r  s2/int_q_i_1/O
                         net (fo=1, routed)           0.000     4.065    s2/i_d1_out
    SLICE_X0Y101         FDRE                                         r  s2/int_q_reg/D
  -------------------------------------------------------------------    -------------------

Slack:                    inf
  Source:                 i_reset
                            (input port)
  Destination:            s4/int_q_reg/D
  Path Group:             (none)
  Path Type:              Max at Slow Process Corner
  Data Path Delay:        3.875ns  (logic 1.601ns (41.320%)  route 2.274ns (58.680%))
  Logic Levels:           2  (IBUF=1 LUT3=1)

    Location             Delay type                Incr(ns)  Path(ns)    Netlist Resource(s)
  -------------------------------------------------------------------    -------------------
    R15                                               0.000     0.000 f  i_reset (IN)
                         net (fo=0)                   0.000     0.000    i_reset
    R15                  IBUF (Prop_ibuf_I_O)         1.477     1.477 f  i_reset_IBUF_inst/O
                         net (fo=5, routed)           2.274     3.751    s4/i_reset_IBUF
    SLICE_X1Y101         LUT3 (Prop_lut3_I0_O)        0.124     3.875 r  s4/int_q_i_1__1/O
                         net (fo=1, routed)           0.000     3.875    s4/int_q_i_1__1_n_0
    SLICE_X1Y101         FDRE                                         r  s4/int_q_reg/D
  -------------------------------------------------------------------    -------------------

Slack:                    inf
  Source:                 i_reset
                            (input port)
  Destination:            s1/int_q_reg/D
  Path Group:             (none)
  Path Type:              Max at Slow Process Corner
  Data Path Delay:        3.873ns  (logic 1.601ns (41.341%)  route 2.272ns (58.659%))
  Logic Levels:           2  (IBUF=1 LUT3=1)

    Location             Delay type                Incr(ns)  Path(ns)    Netlist Resource(s)
  -------------------------------------------------------------------    -------------------
    R15                                               0.000     0.000 f  i_reset (IN)
                         net (fo=0)                   0.000     0.000    i_reset
    R15                  IBUF (Prop_ibuf_I_O)         1.477     1.477 f  i_reset_IBUF_inst/O
                         net (fo=5, routed)           2.272     3.749    s1/i_reset_IBUF
    SLICE_X1Y101         LUT3 (Prop_lut3_I0_O)        0.124     3.873 r  s1/int_q_i_1__0/O
                         net (fo=1, routed)           0.000     3.873    s1/i_d2_out
    SLICE_X1Y101         FDRE                                         r  s1/int_q_reg/D
  -------------------------------------------------------------------    -------------------

Slack:                    inf
  Source:                 i_reset
                            (input port)
  Destination:            s3/int_q_reg/D
  Path Group:             (none)
  Path Type:              Max at Slow Process Corner
  Data Path Delay:        3.871ns  (logic 1.601ns (41.358%)  route 2.270ns (58.642%))
  Logic Levels:           2  (IBUF=1 LUT3=1)

    Location             Delay type                Incr(ns)  Path(ns)    Netlist Resource(s)
  -------------------------------------------------------------------    -------------------
    R15                                               0.000     0.000 f  i_reset (IN)
                         net (fo=0)                   0.000     0.000    i_reset
    R15                  IBUF (Prop_ibuf_I_O)         1.477     1.477 f  i_reset_IBUF_inst/O
                         net (fo=5, routed)           2.270     3.747    s3/i_reset_IBUF
    SLICE_X0Y101         LUT3 (Prop_lut3_I0_O)        0.124     3.871 r  s3/int_q_i_1__2/O
                         net (fo=1, routed)           0.000     3.871    s3/int_q_i_1__2_n_0
    SLICE_X0Y101         FDRE                                         r  s3/int_q_reg/D
  -------------------------------------------------------------------    -------------------

Slack:                    inf
  Source:                 i_reset
                            (input port)
  Destination:            s0/int_q_reg/D
  Path Group:             (none)
  Path Type:              Max at Slow Process Corner
  Data Path Delay:        3.469ns  (logic 1.477ns (42.579%)  route 1.992ns (57.421%))
  Logic Levels:           1  (IBUF=1)

    Location             Delay type                Incr(ns)  Path(ns)    Netlist Resource(s)
  -------------------------------------------------------------------    -------------------
    R15                                               0.000     0.000 r  i_reset (IN)
                         net (fo=0)                   0.000     0.000    i_reset
    R15                  IBUF (Prop_ibuf_I_O)         1.477     1.477 r  i_reset_IBUF_inst/O
                         net (fo=5, routed)           1.992     3.469    s0/i_reset_IBUF
    SLICE_X0Y101         FDRE                                         r  s0/int_q_reg/D
  -------------------------------------------------------------------    -------------------





Min Delay Paths
--------------------------------------------------------------------------------------
Slack:                    inf
  Source:                 i_right
                            (input port)
  Destination:            s1/int_q_reg/D
  Path Group:             (none)
  Path Type:              Min at Fast Process Corner
  Data Path Delay:        0.594ns  (logic 0.236ns (39.777%)  route 0.358ns (60.223%))
  Logic Levels:           2  (IBUF=1 LUT3=1)

    Location             Delay type                Incr(ns)  Path(ns)    Netlist Resource(s)
  -------------------------------------------------------------------    -------------------
    J15                                               0.000     0.000 r  i_right (IN)
                         net (fo=0)                   0.000     0.000    i_right
    J15                  IBUF (Prop_ibuf_I_O)         0.191     0.191 r  i_right_IBUF_inst/O
                         net (fo=4, routed)           0.358     0.549    s1/i_right_IBUF
    SLICE_X1Y101         LUT3 (Prop_lut3_I1_O)        0.045     0.594 r  s1/int_q_i_1__0/O
                         net (fo=1, routed)           0.000     0.594    s1/i_d2_out
    SLICE_X1Y101         FDRE                                         r  s1/int_q_reg/D
  -------------------------------------------------------------------    -------------------

Slack:                    inf
  Source:                 i_right
                            (input port)
  Destination:            s4/int_q_reg/D
  Path Group:             (none)
  Path Type:              Min at Fast Process Corner
  Data Path Delay:        0.595ns  (logic 0.236ns (39.710%)  route 0.359ns (60.290%))
  Logic Levels:           2  (IBUF=1 LUT3=1)

    Location             Delay type                Incr(ns)  Path(ns)    Netlist Resource(s)
  -------------------------------------------------------------------    -------------------
    J15                                               0.000     0.000 f  i_right (IN)
                         net (fo=0)                   0.000     0.000    i_right
    J15                  IBUF (Prop_ibuf_I_O)         0.191     0.191 f  i_right_IBUF_inst/O
                         net (fo=4, routed)           0.359     0.550    s4/i_right_IBUF
    SLICE_X1Y101         LUT3 (Prop_lut3_I1_O)        0.045     0.595 r  s4/int_q_i_1__1/O
                         net (fo=1, routed)           0.000     0.595    s4/int_q_i_1__1_n_0
    SLICE_X1Y101         FDRE                                         r  s4/int_q_reg/D
  -------------------------------------------------------------------    -------------------

Slack:                    inf
  Source:                 i_right
                            (input port)
  Destination:            s2/int_q_reg/D
  Path Group:             (none)
  Path Type:              Min at Fast Process Corner
  Data Path Delay:        0.610ns  (logic 0.236ns (38.750%)  route 0.374ns (61.250%))
  Logic Levels:           2  (IBUF=1 LUT3=1)

    Location             Delay type                Incr(ns)  Path(ns)    Netlist Resource(s)
  -------------------------------------------------------------------    -------------------
    J15                                               0.000     0.000 f  i_right (IN)
                         net (fo=0)                   0.000     0.000    i_right
    J15                  IBUF (Prop_ibuf_I_O)         0.191     0.191 f  i_right_IBUF_inst/O
                         net (fo=4, routed)           0.374     0.565    s2/i_right_IBUF
    SLICE_X0Y101         LUT3 (Prop_lut3_I1_O)        0.045     0.610 r  s2/int_q_i_1/O
                         net (fo=1, routed)           0.000     0.610    s2/i_d1_out
    SLICE_X0Y101         FDRE                                         r  s2/int_q_reg/D
  -------------------------------------------------------------------    -------------------

Slack:                    inf
  Source:                 i_left
                            (input port)
  Destination:            s3/int_q_reg/D
  Path Group:             (none)
  Path Type:              Min at Fast Process Corner
  Data Path Delay:        0.722ns  (logic 0.198ns (27.338%)  route 0.525ns (72.662%))
  Logic Levels:           2  (IBUF=1 LUT3=1)

    Location             Delay type                Incr(ns)  Path(ns)    Netlist Resource(s)
  -------------------------------------------------------------------    -------------------
    K16                                               0.000     0.000 f  i_left (IN)
                         net (fo=0)                   0.000     0.000    i_left
    K16                  IBUF (Prop_ibuf_I_O)         0.153     0.153 f  i_left_IBUF_inst/O
                         net (fo=4, routed)           0.525     0.677    s3/i_left_IBUF
    SLICE_X0Y101         LUT3 (Prop_lut3_I2_O)        0.045     0.722 r  s3/int_q_i_1__2/O
                         net (fo=1, routed)           0.000     0.722    s3/int_q_i_1__2_n_0
    SLICE_X0Y101         FDRE                                         r  s3/int_q_reg/D
  -------------------------------------------------------------------    -------------------

Slack:                    inf
  Source:                 i_reset
                            (input port)
  Destination:            s0/int_q_reg/D
  Path Group:             (none)
  Path Type:              Min at Fast Process Corner
  Data Path Delay:        1.084ns  (logic 0.245ns (22.603%)  route 0.839ns (77.397%))
  Logic Levels:           1  (IBUF=1)

    Location             Delay type                Incr(ns)  Path(ns)    Netlist Resource(s)
  -------------------------------------------------------------------    -------------------
    R15                                               0.000     0.000 r  i_reset (IN)
                         net (fo=0)                   0.000     0.000    i_reset
    R15                  IBUF (Prop_ibuf_I_O)         0.245     0.245 r  i_reset_IBUF_inst/O
                         net (fo=5, routed)           0.839     1.084    s0/i_reset_IBUF
    SLICE_X0Y101         FDRE                                         r  s0/int_q_reg/D
  -------------------------------------------------------------------    -------------------

Slack:                    inf
  Source:                 s0/int_q_reg/C
                            (rising edge-triggered cell FDRE)
  Destination:            o_loadLMask
                            (output port)
  Path Group:             (none)
  Path Type:              Min at Fast Process Corner
  Data Path Delay:        1.668ns  (logic 1.286ns (77.122%)  route 0.382ns (22.878%))
  Logic Levels:           2  (FDRE=1 OBUF=1)

    Location             Delay type                Incr(ns)  Path(ns)    Netlist Resource(s)
  -------------------------------------------------------------------    -------------------
    SLICE_X0Y101         FDRE                         0.000     0.000 r  s0/int_q_reg/C
    SLICE_X0Y101         FDRE (Prop_fdre_C_Q)         0.141     0.141 r  s0/int_q_reg/Q
                         net (fo=5, routed)           0.382     0.523    o_loadRMask_OBUF
    J18                  OBUF (Prop_obuf_I_O)         1.145     1.668 r  o_loadLMask_OBUF_inst/O
                         net (fo=0)                   0.000     1.668    o_loadLMask
    J18                                                               r  o_loadLMask (OUT)
  -------------------------------------------------------------------    -------------------

Slack:                    inf
  Source:                 s4/int_q_reg/C
                            (rising edge-triggered cell FDRE)
  Destination:            o_loadDisplay
                            (output port)
  Path Group:             (none)
  Path Type:              Min at Fast Process Corner
  Data Path Delay:        1.719ns  (logic 1.331ns (77.428%)  route 0.388ns (22.572%))
  Logic Levels:           3  (FDRE=1 LUT5=1 OBUF=1)

    Location             Delay type                Incr(ns)  Path(ns)    Netlist Resource(s)
  -------------------------------------------------------------------    -------------------
    SLICE_X1Y101         FDRE                         0.000     0.000 r  s4/int_q_reg/C
    SLICE_X1Y101         FDRE (Prop_fdre_C_Q)         0.141     0.141 r  s4/int_q_reg/Q
                         net (fo=1, routed)           0.059     0.200    s2/s4out
    SLICE_X0Y101         LUT5 (Prop_lut5_I4_O)        0.045     0.245 r  s2/o_loadDisplay_OBUF_inst_i_1/O
                         net (fo=1, routed)           0.329     0.574    o_loadDisplay_OBUF
    K15                  OBUF (Prop_obuf_I_O)         1.145     1.719 r  o_loadDisplay_OBUF_inst/O
                         net (fo=0)                   0.000     1.719    o_loadDisplay
    K15                                                               r  o_loadDisplay (OUT)
  -------------------------------------------------------------------    -------------------

Slack:                    inf
  Source:                 s0/int_q_reg/C
                            (rising edge-triggered cell FDRE)
  Destination:            o_loadRMask
                            (output port)
  Path Group:             (none)
  Path Type:              Min at Fast Process Corner
  Data Path Delay:        1.723ns  (logic 1.286ns (74.658%)  route 0.437ns (25.342%))
  Logic Levels:           2  (FDRE=1 OBUF=1)

    Location             Delay type                Incr(ns)  Path(ns)    Netlist Resource(s)
  -------------------------------------------------------------------    -------------------
    SLICE_X0Y101         FDRE                         0.000     0.000 r  s0/int_q_reg/C
    SLICE_X0Y101         FDRE (Prop_fdre_C_Q)         0.141     0.141 r  s0/int_q_reg/Q
                         net (fo=5, routed)           0.437     0.578    o_loadRMask_OBUF
    J17                  OBUF (Prop_obuf_I_O)         1.145     1.723 r  o_loadRMask_OBUF_inst/O
                         net (fo=0)                   0.000     1.723    o_loadRMask
    J17                                                               r  o_loadRMask (OUT)
  -------------------------------------------------------------------    -------------------

Slack:                    inf
  Source:                 s1/int_q_reg/C
                            (rising edge-triggered cell FDRE)
  Destination:            o_shiftRMask
                            (output port)
  Path Group:             (none)
  Path Type:              Min at Fast Process Corner
  Data Path Delay:        1.847ns  (logic 1.339ns (72.502%)  route 0.508ns (27.498%))
  Logic Levels:           3  (FDRE=1 LUT3=1 OBUF=1)

    Location             Delay type                Incr(ns)  Path(ns)    Netlist Resource(s)
  -------------------------------------------------------------------    -------------------
    SLICE_X1Y101         FDRE                         0.000     0.000 r  s1/int_q_reg/C
    SLICE_X1Y101         FDRE (Prop_fdre_C_Q)         0.141     0.141 r  s1/int_q_reg/Q
                         net (fo=3, routed)           0.108     0.249    s1/o_q
    SLICE_X0Y101         LUT3 (Prop_lut3_I0_O)        0.045     0.294 r  s1/o_shiftRMask_OBUF_inst_i_1/O
                         net (fo=1, routed)           0.400     0.694    o_shiftRMask_OBUF
    G18                  OBUF (Prop_obuf_I_O)         1.153     1.847 r  o_shiftRMask_OBUF_inst/O
                         net (fo=0)                   0.000     1.847    o_shiftRMask
    G18                                                               r  o_shiftRMask (OUT)
  -------------------------------------------------------------------    -------------------

Slack:                    inf
  Source:                 s1/int_q_reg/C
                            (rising edge-triggered cell FDRE)
  Destination:            o_shiftLMask
                            (output port)
  Path Group:             (none)
  Path Type:              Min at Fast Process Corner
  Data Path Delay:        1.919ns  (logic 1.399ns (72.868%)  route 0.521ns (27.132%))
  Logic Levels:           3  (FDRE=1 LUT3=1 OBUF=1)

    Location             Delay type                Incr(ns)  Path(ns)    Netlist Resource(s)
  -------------------------------------------------------------------    -------------------
    SLICE_X1Y101         FDRE                         0.000     0.000 r  s1/int_q_reg/C
    SLICE_X1Y101         FDRE (Prop_fdre_C_Q)         0.141     0.141 r  s1/int_q_reg/Q
                         net (fo=3, routed)           0.108     0.249    s1/o_q
    SLICE_X0Y101         LUT3 (Prop_lut3_I0_O)        0.048     0.297 r  s1/o_shiftLMask_OBUF_inst_i_1/O
                         net (fo=1, routed)           0.413     0.710    o_shiftLMask_OBUF
    F18                  OBUF (Prop_obuf_I_O)         1.210     1.919 r  o_shiftLMask_OBUF_inst/O
                         net (fo=0)                   0.000     1.919    o_shiftLMask
    F18                                                               r  o_shiftLMask (OUT)
  -------------------------------------------------------------------    -------------------





